blah:
  - This is a test file, in default the next line is foo
  - foo
  - And the next one is bar
  - context1
moreblah: This golang template shoudl be left alone {{ .Complicated.text }}
andevenmore: In conext1, the context is context1
